// Jest Snapshot v1, https://goo.gl/fbAQLP

exports[`should render the Home Page 1`] = `
<div
  className="nav-wrapper flex"
>
  <div
    className="logo"
  >
    Math Magician
  </div>
  <div
    className="nav flex"
  >
    <a
      className="nav-link"
      href="/"
      onClick={[Function]}
    >
      Home 
    </a>
    <a
      className="nav-link"
      href="/calculator"
      onClick={[Function]}
    >
      Calculator 
    </a>
    <a
      className="nav-link"
      href="/quote"
      onClick={[Function]}
    >
      Quote 
    </a>
  </div>
</div>
`;
